Design Assistant report for top
Tue Sep 16 15:23:29 2025
Quartus Prime Version 24.1.0 Build 115 03/21/2024 SC Pro Edition


---------------------
; Table of Contents ;
---------------------
  1. Legal Notice
  2. Design Assistant (Elaborated) Results - 0 of 4 Rules Failed
  3. FLP-10100 - Large Multipliers are Decomposed
  4. LNT-30020 - Same Signal Source Drives Synchronous and Asynchronous Ports of the Same Register
  5. LNT-30021 - Same Signal Source Drives More Than One Asynchronous Port of a Register
  6. LNT-30022 - Same Signal Source Drives Clock Port and Another Port of a Register



----------------
; Legal Notice ;
----------------
Copyright (C) 2024  Intel Corporation. All rights reserved.
Your use of Intel Corporation's design tools, logic functions 
and other software and tools, and any partner logic 
functions, and any output files from any of the foregoing 
(including device programming or simulation files), and any 
associated documentation or information are expressly subject 
to the terms and conditions of the Intel Program License 
Subscription Agreement, the Intel Quartus Prime License Agreement,
the Intel FPGA IP License Agreement, or other applicable license
agreement, including, without limitation, that your use is for
the sole purpose of programming logic devices manufactured by
Intel and sold by Intel or its authorized distributors.  Please
refer to the Intel FPGA Software License Subscription Agreements 
on the Quartus Prime software download page.



+-----------------------------------------------------------------------------------------------------------------------------------------------------+
; Design Assistant (Elaborated) Results - 0 of 4 Rules Failed                                                                                         ;
+-----------------------------------------------------------------------------------------------+----------+------------+--------+--------------------+
; Rule                                                                                          ; Severity ; Violations ; Waived ; Tags               ;
+-----------------------------------------------------------------------------------------------+----------+------------+--------+--------------------+
; FLP-10100 - Large Multipliers are Decomposed                                                  ; Low      ; 0          ; 0      ; dsp, synthesis     ;
; LNT-30020 - Same Signal Source Drives Synchronous and Asynchronous Ports of the Same Register ; Low      ; 0          ; 0      ; nonstandard-timing ;
; LNT-30021 - Same Signal Source Drives More Than One Asynchronous Port of a Register           ; Low      ; 0          ; 0      ; nonstandard-timing ;
; LNT-30022 - Same Signal Source Drives Clock Port and Another Port of a Register               ; Low      ; 0          ; 0      ; nonstandard-timing ;
+-----------------------------------------------------------------------------------------------+----------+------------+--------+--------------------+


Status:		PASS
Severity:		Low
Number of violations: 	0
Rule Parameters:      	max_violations = 5000
+----------------------------------------------+
; FLP-10100 - Large Multipliers are Decomposed ;
+----------------------------------------------+


Status:		PASS
Severity:		Low
Number of violations: 	0
Rule Parameters:      	max_violations = 5000
+-----------------------------------------------------------------------------------------------+
; LNT-30020 - Same Signal Source Drives Synchronous and Asynchronous Ports of the Same Register ;
+-----------------------------------------------------------------------------------------------+


Status:		PASS
Severity:		Low
Number of violations: 	0
Rule Parameters:      	max_violations = 5000
+-------------------------------------------------------------------------------------+
; LNT-30021 - Same Signal Source Drives More Than One Asynchronous Port of a Register ;
+-------------------------------------------------------------------------------------+


Status:		PASS
Severity:		Low
Number of violations: 	0
Rule Parameters:      	max_violations = 5000
+---------------------------------------------------------------------------------+
; LNT-30022 - Same Signal Source Drives Clock Port and Another Port of a Register ;
+---------------------------------------------------------------------------------+


