Fitter Finalize Stage Report for top
Tue Sep 16 15:28:11 2025
Quartus Prime Version 24.1.0 Build 115 03/21/2024 SC Pro Edition


---------------------
; Table of Contents ;
---------------------
  1. Legal Notice
  2. Fitter HSLP Summary
  3. Finalize Messages



----------------
; Legal Notice ;
----------------
Copyright (C) 2024  Intel Corporation. All rights reserved.
Your use of Intel Corporation's design tools, logic functions 
and other software and tools, and any partner logic 
functions, and any output files from any of the foregoing 
(including device programming or simulation files), and any 
associated documentation or information are expressly subject 
to the terms and conditions of the Intel Program License 
Subscription Agreement, the Intel Quartus Prime License Agreement,
the Intel FPGA IP License Agreement, or other applicable license
agreement, including, without limitation, that your use is for
the sole purpose of programming logic devices manufactured by
Intel and sold by Intel or its authorized distributors.  Please
refer to the Intel FPGA Software License Subscription Agreements 
on the Quartus Prime software download page.



+---------------------------------------------------------------------------------+
; Fitter HSLP Summary                                                             ;
+--------------------------------------------------------+-----------------+------+
; Resource                                               ; Usage           ; %    ;
+--------------------------------------------------------+-----------------+------+
;                                                        ;                 ;      ;
; Programmable power technology high-speed tiles         ; 1,505 / 13,367  ; 11 % ;
; Programmable power technology low-power tiles          ; 11,862 / 13,367 ; 89 % ;
;     -- low-power tiles that are used by the design     ; 4,650 / 11,862  ; 39 % ;
;     -- unused tiles (low-power)                        ; 7,212 / 11,862  ; 61 % ;
;                                                        ;                 ;      ;
; Programmable power technology high-speed LAB tiles     ; 196 / 9,417     ; 2 %  ;
; Programmable power technology low-power LAB tiles      ; 9,221 / 9,417   ; 98 % ;
;     -- low-power LAB tiles that are used by the design ; 4,496 / 9,221   ; 49 % ;
;     -- unused LAB tiles (low-power)                    ; 4,725 / 9,221   ; 51 % ;
;                                                        ;                 ;      ;
+--------------------------------------------------------+-----------------+------+


+-------------------+
; Finalize Messages ;
+-------------------+
Info (20030): Parallel compilation is enabled and will use 8 of the 8 processors detected
Info: *******************************************************************
Info: Running Quartus Prime Fitter
    Info: Version 24.1.0 Build 115 03/21/2024 SC Pro Edition
    Info: Processing started: Tue Sep 16 15:23:49 2025
    Info: System process ID: 105717
Info: Command: quartus_fit --read_settings_files=on --write_settings_files=off top -c top
Info: qfit2_default_script.tcl version: #1
Info: Project  = top
Info: Revision = top
Info (22300): Design uses Placement Effort Multiplier = 1.0.
Info (11888): Total time spent on timing analysis during Post-Routing is 0.00 seconds.
Info (16557): Fitter post-fit operations ending: elapsed time is 00:01:11


