Info: Generated by version: 24.1 build 106
Info: Starting: Create block symbol file (.bsf)
Info: qsys-generate /tmp/arc_1657484022/_0/regtest/exampledesigns/design_store_designs/niosv_g/hello_world/a10_soc_kit/hw/ip/sys/cpu.ip --block-symbol-file --output-directory=/tmp/arc_1657484022/_0/regtest/exampledesigns/design_store_designs/niosv_g/hello_world/a10_soc_kit/hw/ip/sys/cpu --family="Arria 10" --part=10AS066N3F40E2SG
Info: Finished: Create block symbol file (.bsf)
Info: 
Info: Starting: Create HDL design files for synthesis
Info: qsys-generate /tmp/arc_1657484022/_0/regtest/exampledesigns/design_store_designs/niosv_g/hello_world/a10_soc_kit/hw/ip/sys/cpu.ip --synthesis=VERILOG --output-directory=/tmp/arc_1657484022/_0/regtest/exampledesigns/design_store_designs/niosv_g/hello_world/a10_soc_kit/hw/ip/sys/cpu --family="Arria 10" --part=10AS066N3F40E2SG
Info: cpu: "Transforming system: cpu"
Info: cpu: "Naming system components in system: cpu"
Info: cpu: "Processing generation queue"
Info: cpu: "Generating: cpu"
Info: cpu: "Generating: cpu_intel_niosv_g_220_s36epii"
Info: cpu: "Generating: cpu_intel_niosv_g_unit_220_e43awka"
Info: niosv_reset_controller: "Generating: niosv_reset_controller"
Info: cpu: "Generating: niosv_timer_msip"
Info: cpu: "Generating: niosv_dm_top"
Info: cpu: "Generating: cpu_altera_irq_mapper_2001_3jqx4ly"
Info: cpu: "Generating: niosv_reset_controller"
Info: cpu: "Generating: altera_reset_controller"
Info: cpu: Done "cpu" with 8 modules, 60 files
Info: Finished: Create HDL design files for synthesis
