Info: Generated by version: 24.1 build 115
Info: Starting: Create block symbol file (.bsf)
Info: qsys-generate /home/ubuntuaspiretank/p4p/P4P-Team44/NewNewProject/hw/ip/sys/cpu.ip --block-symbol-file --output-directory=/home/ubuntuaspiretank/p4p/P4P-Team44/NewNewProject/hw/ip/sys/cpu --family="Arria 10" --part=10AS066N3F40E2SG
Info: Finished: Create block symbol file (.bsf)
Info: 
Info: Starting: Create HDL design files for synthesis
Info: qsys-generate /home/ubuntuaspiretank/p4p/P4P-Team44/NewNewProject/hw/ip/sys/cpu.ip --synthesis=VHDL --output-directory=/home/ubuntuaspiretank/p4p/P4P-Team44/NewNewProject/hw/ip/sys/cpu --family="Arria 10" --part=10AS066N3F40E2SG
Info: cpu: "Transforming system: cpu"
Info: cpu: "Naming system components in system: cpu"
Info: cpu: "Processing generation queue"
Info: cpu: "Generating: cpu"
Info: cpu: "Generating: cpu_intel_niosv_g_220_jwf5evi"
Info: cpu: "Generating: cpu_intel_niosv_g_unit_220_ydggj7q"
Info: niosv_reset_controller: "Generating: niosv_reset_controller"
Info: cpu: "Generating: niosv_timer_msip"
Info: cpu: "Generating: niosv_dm_top"
Info: cpu: "Generating: cpu_altera_irq_mapper_2001_3jqx4ly"
Info: cpu: "Generating: niosv_reset_controller"
Info: cpu: "Generating: altera_reset_controller"
Info: cpu: Done "cpu" with 8 modules, 60 files
Info: Finished: Create HDL design files for synthesis
