Info: Generated by version: 24.1 build 115
Info: Starting: Create block symbol file (.bsf)
Info: qsys-generate /home/ubuntuaspiretank/p4p/P4P-Team44/NewNewProject/hw/ip/NoisSys/NoisSys_intel_niosv_g_0.ip --block-symbol-file --output-directory=/home/ubuntuaspiretank/p4p/P4P-Team44/NewNewProject/hw/ip/NoisSys/NoisSys_intel_niosv_g_0 --family="Arria 10" --part=10AS066N3F40E2SG
Warning: NoisSys_intel_niosv_g_0.intel_niosv_g_0: No peripheral regions have been defined.  If your design contains any peripherals such as UART, PIO, DMA, etc, they must be placed within a periperhal region.
Info: Finished: Create block symbol file (.bsf)
Info: 
Info: Starting: Create HDL design files for synthesis
Info: qsys-generate /home/ubuntuaspiretank/p4p/P4P-Team44/NewNewProject/hw/ip/NoisSys/NoisSys_intel_niosv_g_0.ip --synthesis=VERILOG --output-directory=/home/ubuntuaspiretank/p4p/P4P-Team44/NewNewProject/hw/ip/NoisSys/NoisSys_intel_niosv_g_0 --family="Arria 10" --part=10AS066N3F40E2SG
Warning: NoisSys_intel_niosv_g_0.intel_niosv_g_0: No peripheral regions have been defined.  If your design contains any peripherals such as UART, PIO, DMA, etc, they must be placed within a periperhal region.
Info: NoisSys_intel_niosv_g_0: "Transforming system: NoisSys_intel_niosv_g_0"
Info: NoisSys_intel_niosv_g_0: "Naming system components in system: NoisSys_intel_niosv_g_0"
Info: NoisSys_intel_niosv_g_0: "Processing generation queue"
Info: NoisSys_intel_niosv_g_0: "Generating: NoisSys_intel_niosv_g_0"
Info: NoisSys_intel_niosv_g_0: "Generating: NoisSys_intel_niosv_g_0_intel_niosv_g_220_qvkehcy"
Info: NoisSys_intel_niosv_g_0: "Generating: NoisSys_intel_niosv_g_0_intel_niosv_g_unit_220_zuuyiny"
Info: niosv_reset_controller: "Generating: niosv_reset_controller"
Info: NoisSys_intel_niosv_g_0: "Generating: niosv_timer_msip"
Info: NoisSys_intel_niosv_g_0: "Generating: niosv_dm_top"
Info: NoisSys_intel_niosv_g_0: "Generating: NoisSys_intel_niosv_g_0_altera_irq_mapper_2001_3jqx4ly"
Info: NoisSys_intel_niosv_g_0: "Generating: niosv_reset_controller"
Info: NoisSys_intel_niosv_g_0: "Generating: altera_reset_controller"
Info: NoisSys_intel_niosv_g_0: Done "NoisSys_intel_niosv_g_0" with 8 modules, 60 files
Info: Finished: Create HDL design files for synthesis
