Info: Generated by version: 24.1 build 115
Info: Starting: Create block symbol file (.bsf)
Info: qsys-generate /home/ubuntuaspiretank/p4p/P4P-Team44/NewNewProject/hw/NoisSys.qsys --block-symbol-file --output-directory=/home/ubuntuaspiretank/p4p/P4P-Team44/NewNewProject/hw/NoisSys --family="Arria 10" --part=10AS066N3F40E2SG
Progress: Loading hw/NoisSys.qsys
Progress: Reading input file
Progress: Parameterizing module clock_in
Progress: Parameterizing module reset_in
Progress: Building connections
Progress: Parameterizing connections
Progress: Validating
Progress: Done reading input file
Info: Finished: Create block symbol file (.bsf)
Info: 
Info: Starting: Create HDL design files for synthesis
Info: qsys-generate /home/ubuntuaspiretank/p4p/P4P-Team44/NewNewProject/hw/NoisSys.qsys --synthesis=VERILOG --output-directory=/home/ubuntuaspiretank/p4p/P4P-Team44/NewNewProject/hw/NoisSys --family="Arria 10" --part=10AS066N3F40E2SG
Progress: Loading hw/NoisSys.qsys
Progress: Reading input file
Progress: Parameterizing module clock_in
Progress: Parameterizing module reset_in
Progress: Building connections
Progress: Parameterizing connections
Progress: Validating
Progress: Done reading input file
Info: NoisSys: "Transforming system: NoisSys"
Info: NoisSys: "Naming system components in system: NoisSys"
Info: NoisSys: "Processing generation queue"
Info: NoisSys: "Generating: NoisSys"
Info: NoisSys: "Generating: NoisSys_clock_in"
Info: NoisSys: "Generating: NoisSys_reset_in"
Info: NoisSys: Done "NoisSys" with 3 modules, 1 files
Info: Finished: Create HDL design files for synthesis
